PVM Approval Daemon
==================
Config: ./config.yaml
HTTP server: http://localhost:7823
Approve via: HTTP POST, email reply, Sendblue iMessage

 * Serving Flask app 'pvm.approval.server'
 * Debug mode: off
PVM Approval Daemon
==================
Config: ./config.yaml
HTTP server: http://localhost:7823
Approve via: HTTP POST, email reply, Sendblue iMessage

 * Serving Flask app 'pvm.approval.server'
 * Debug mode: off
PVM Approval Daemon
==================
Config: ./config.yaml
HTTP server: http://localhost:7823
Approve via: HTTP POST, email reply, Sendblue iMessage

 * Serving Flask app 'pvm.approval.server'
 * Debug mode: off
PVM Approval Daemon
==================
Config: ./config.yaml
HTTP server: http://localhost:7823
Approve via: HTTP POST, email reply, Sendblue iMessage

 * Serving Flask app 'pvm.approval.server'
 * Debug mode: off
PVM Approval Daemon
==================
Config: ./config.yaml
HTTP server: http://localhost:7823
Approve via: HTTP POST, email reply, Sendblue iMessage

 * Serving Flask app 'pvm.approval.server'
 * Debug mode: off
PVM Approval Daemon
==================
Config: ./config.yaml
HTTP server: http://localhost:7823
Approve via: HTTP POST, email reply, Sendblue iMessage

 * Serving Flask app 'pvm.approval.server'
 * Debug mode: off
